Welcome to Git (version 1.8.1.2-preview20130201)


Run 'git help git' to display the help index.
Run 'git help <command>' to display help for specific commands.
Kristy@KRISTY-PC ~ (master)
$ gti clone ssh://git@github.com:kristynoms/ES2.git
sh.exe": gti: command not found
Kristy@KRISTY-PC ~ (master)
$ git clone ssh://git@github.com:kristynoms/ES2.git
Cloning into 'ES2'...
ssh: github.com:kristynoms: no address associated with name
fatal: Could not read from remote repository.

Please make sure you have the correct access rights
and the repository exists.
Kristy@KRISTY-PC ~ (master)
$ git clone git@github.com:kristynoms/ES2.git
Cloning into 'ES2'...
The authenticity of host 'github.com (204.232.175.90)' can't be established.
RSA key fingerprint is 16:27:ac:a5:76:28:2d:36:63:1b:56:4d:eb:df:a6:48.
Are you sure you want to continue connecting (yes/no)? yes
Warning: Permanently added 'github.com,204.232.175.90' (RSA) to the list of know
n hosts.
Permission denied (publickey).
fatal: Could not read from remote repository.

Please make sure you have the correct access rights
and the repository exists.
Kristy@KRISTY-PC ~ (master)
$ heroku login
Enter your Heroku credentials.
Email: kristyrec@gmail.com
Password (typing will be hidden):
Authentication successful.
Kristy@KRISTY-PC ~ (master)
$ git clone git@github.com:kristynoms/ES2.git
Cloning into 'ES2'...
Permission denied (publickey).
fatal: Could not read from remote repository.

Please make sure you have the correct access rights
and the repository exists.
Kristy@KRISTY-PC ~ (master)
$ git clone ssh://git@github.com:kristynoms/ES2.git
Cloning into 'ES2'...
ssh: github.com:kristynoms: no address associated with name
fatal: Could not read from remote repository.

Please make sure you have the correct access rights
and the repository exists.
Kristy@KRISTY-PC ~ (master)
$ git clone http://github.com/kristynoms/ES2.git
Cloning into 'ES2'...
remote: Counting objects: 433, done.
remote: Compressing objects: 100% (150/150), done.
remote: Total 433 (delta 242), reused 424 (delta 237)
Receiving objects: 100% (433/433), 15.84 MiB | 446 KiB/s, done.
Resolving deltas: 100% (242/242), done.
Kristy@KRISTY-PC ~ (master)
$